Java HotSpot(TM) 64-Bit Server VM (25.211-b12) for bsd-amd64 JRE (1.8.0_211-b12), built on Apr  1 2019 20:53:18 by "java_re" with gcc 4.2.1 (Based on Apple Inc. build 5658) (LLVM build 2336.11.00)
Memory: 4k page, physical 16777216k(1287304k free)

/proc/meminfo:

CommandLine flags: -XX:InitialHeapSize=209715200 -XX:MaxHeapSize=209715200 -XX:MaxNewSize=104857600 -XX:NewSize=104857600 -XX:+PrintGC -XX:+PrintGCDateStamps -XX:+PrintGCDetails -XX:+PrintGCTimeStamps -XX:+UseCompressedClassPointers -XX:+UseCompressedOops -XX:+UseParallelGC 
2021-03-01T22:47:00.915-0800: 1.459: [GC (Allocation Failure) [PSYoungGen: 76800K->12768K(89600K)] 76800K->24916K(192000K), 0.0091829 secs] [Times: user=0.02 sys=0.05, real=0.01 secs] 
2021-03-01T22:47:00.937-0800: 1.481: [GC (Allocation Failure) [PSYoungGen: 89203K->11920K(89600K)] 101351K->75268K(192000K), 0.0273451 secs] [Times: user=0.04 sys=0.16, real=0.03 secs] 
2021-03-01T22:47:00.965-0800: 1.509: [Full GC (Ergonomics) [PSYoungGen: 11920K->0K(89600K)] [ParOldGen: 63348K->73986K(102400K)] 75268K->73986K(192000K), [Metaspace: 4855K->4855K(1056768K)], 0.0219020 secs] [Times: user=0.12 sys=0.02, real=0.02 secs] 
2021-03-01T22:47:01.009-0800: 1.552: [Full GC (Ergonomics) [PSYoungGen: 76040K->35840K(89600K)] [ParOldGen: 73986K->101520K(102400K)] 150027K->137360K(192000K), [Metaspace: 4864K->4864K(1056768K)], 0.0242219 secs] [Times: user=0.09 sys=0.08, real=0.03 secs] 
2021-03-01T22:47:01.037-0800: 1.581: [Full GC (Ergonomics) [PSYoungGen: 76770K->67601K(89600K)] [ParOldGen: 101520K->101513K(102400K)] 178291K->169115K(192000K), [Metaspace: 4864K->4864K(1056768K)], 0.0315767 secs] [Times: user=0.18 sys=0.00, real=0.03 secs] 
2021-03-01T22:47:01.070-0800: 1.614: [Full GC (Ergonomics) [PSYoungGen: 76254K->70675K(89600K)] [ParOldGen: 101513K->101512K(102400K)] 177768K->172188K(192000K), [Metaspace: 4864K->4864K(1056768K)], 0.0168599 secs] [Times: user=0.08 sys=0.00, real=0.01 secs] 
2021-03-01T22:47:01.088-0800: 1.632: [Full GC (Ergonomics) [PSYoungGen: 76123K->73749K(89600K)] [ParOldGen: 101512K->101511K(102400K)] 177635K->175261K(192000K), [Metaspace: 4864K->4864K(1056768K)], 0.0217806 secs] [Times: user=0.12 sys=0.00, real=0.03 secs] 
2021-03-01T22:47:01.110-0800: 1.654: [Full GC (Ergonomics) [PSYoungGen: 75938K->74774K(89600K)] [ParOldGen: 101511K->101511K(102400K)] 177450K->176285K(192000K), [Metaspace: 4864K->4864K(1056768K)], 0.0267326 secs] [Times: user=0.17 sys=0.00, real=0.02 secs] 
2021-03-01T22:47:01.138-0800: 1.682: [Full GC (Ergonomics) [PSYoungGen: 75856K->67608K(89600K)] [ParOldGen: 101511K->101507K(102400K)] 177368K->169116K(192000K), [Metaspace: 4864K->4864K(1056768K)], 0.0258364 secs] [Times: user=0.16 sys=0.00, real=0.03 secs] 
2021-03-01T22:47:01.165-0800: 1.709: [Full GC (Ergonomics) [PSYoungGen: 76401K->71706K(89600K)] [ParOldGen: 101507K->101506K(102400K)] 177909K->173212K(192000K), [Metaspace: 4864K->4864K(1056768K)], 0.0186442 secs] [Times: user=0.14 sys=0.00, real=0.02 secs] 
2021-03-01T22:47:01.185-0800: 1.729: [Full GC (Ergonomics) [PSYoungGen: 76364K->72732K(89600K)] [ParOldGen: 101506K->101505K(102400K)] 177871K->174237K(192000K), [Metaspace: 4864K->4864K(1056768K)], 0.0210023 secs] [Times: user=0.15 sys=0.00, real=0.02 secs] 
2021-03-01T22:47:01.207-0800: 1.750: [Full GC (Ergonomics) [PSYoungGen: 75820K->73757K(89600K)] [ParOldGen: 101505K->101505K(102400K)] 177326K->175262K(192000K), [Metaspace: 4864K->4864K(1056768K)], 0.0323453 secs] [Times: user=0.25 sys=0.01, real=0.03 secs] 
2021-03-01T22:47:01.239-0800: 1.783: [Full GC (Ergonomics) [PSYoungGen: 75805K->71708K(89600K)] [ParOldGen: 101505K->101504K(102400K)] 177310K->173213K(192000K), [Metaspace: 4864K->4864K(1056768K)], 0.0181591 secs] [Times: user=0.13 sys=0.00, real=0.02 secs] 
2021-03-01T22:47:01.259-0800: 1.803: [Full GC (Ergonomics) [PSYoungGen: 76649K->59418K(89600K)] [ParOldGen: 101504K->101500K(102400K)] 178153K->160919K(192000K), [Metaspace: 4864K->4864K(1056768K)], 0.0221928 secs] [Times: user=0.16 sys=0.01, real=0.03 secs] 
2021-03-01T22:47:01.283-0800: 1.827: [Full GC (Ergonomics) [PSYoungGen: 76800K->69663K(89600K)] [ParOldGen: 101500K->101499K(102400K)] 178300K->171163K(192000K), [Metaspace: 4864K->4864K(1056768K)], 0.0277341 secs] [Times: user=0.20 sys=0.00, real=0.03 secs] 
2021-03-01T22:47:01.314-0800: 1.858: [Full GC (Ergonomics) [PSYoungGen: 75830K->67604K(89600K)] [ParOldGen: 101499K->101510K(102400K)] 177330K->169114K(192000K), [Metaspace: 4864K->4864K(1056768K)], 0.0220584 secs] [Times: user=0.16 sys=0.00, real=0.02 secs] 
2021-03-01T22:47:01.337-0800: 1.881: [Full GC (Ergonomics) [PSYoungGen: 76277K->68631K(89600K)] [ParOldGen: 101510K->101507K(102400K)] 177788K->170139K(192000K), [Metaspace: 4865K->4865K(1056768K)], 0.0225817 secs] [Times: user=0.16 sys=0.00, real=0.03 secs] 
2021-03-01T22:47:01.361-0800: 1.905: [Full GC (Ergonomics) [PSYoungGen: 75913K->71705K(89600K)] [ParOldGen: 101507K->101506K(102400K)] 177421K->173212K(192000K), [Metaspace: 4867K->4867K(1056768K)], 0.0214723 secs] [Times: user=0.16 sys=0.00, real=0.02 secs] 
2021-03-01T22:47:01.384-0800: 1.928: [Full GC (Ergonomics) [PSYoungGen: 76800K->71706K(89600K)] [ParOldGen: 101506K->101505K(102400K)] 178306K->173212K(192000K), [Metaspace: 4870K->4870K(1056768K)], 0.0221802 secs] [Times: user=0.17 sys=0.00, real=0.02 secs] 
2021-03-01T22:47:01.407-0800: 1.951: [Full GC (Ergonomics) [PSYoungGen: 76573K->68636K(89600K)] [ParOldGen: 101505K->101503K(102400K)] 178079K->170140K(192000K), [Metaspace: 4871K->4871K(1056768K)], 0.0211995 secs] [Times: user=0.15 sys=0.01, real=0.02 secs] 
2021-03-01T22:47:01.430-0800: 1.974: [Full GC (Ergonomics) [PSYoungGen: 76269K->66590K(89600K)] [ParOldGen: 101503K->101500K(102400K)] 177773K->168090K(192000K), [Metaspace: 4874K->4874K(1056768K)], 0.0238890 secs] [Times: user=0.16 sys=0.00, real=0.02 secs] 
2021-03-01T22:47:01.455-0800: 1.999: [Full GC (Ergonomics) [PSYoungGen: 76374K->69663K(89600K)] [ParOldGen: 101500K->101500K(102400K)] 177875K->171163K(192000K), [Metaspace: 4874K->4874K(1056768K)], 0.0228327 secs] [Times: user=0.17 sys=0.01, real=0.02 secs] 
2021-03-01T22:47:01.480-0800: 2.024: [Full GC (Ergonomics) [PSYoungGen: 75812K->66591K(89600K)] [ParOldGen: 101500K->101499K(102400K)] 177312K->168090K(192000K), [Metaspace: 4875K->4875K(1056768K)], 0.0199835 secs] [Times: user=0.13 sys=0.00, real=0.02 secs] 
2021-03-01T22:47:01.502-0800: 2.046: [Full GC (Ergonomics) [PSYoungGen: 76324K->67615K(89600K)] [ParOldGen: 101499K->101499K(102400K)] 177823K->169114K(192000K), [Metaspace: 4877K->4877K(1056768K)], 0.0199592 secs] [Times: user=0.14 sys=0.00, real=0.02 secs] 
2021-03-01T22:47:01.523-0800: 2.067: [Full GC (Ergonomics) [PSYoungGen: 76326K->73763K(89600K)] [ParOldGen: 101499K->101499K(102400K)] 177825K->175263K(192000K), [Metaspace: 4878K->4878K(1056768K)], 0.0181061 secs] [Times: user=0.13 sys=0.00, real=0.02 secs] 
2021-03-01T22:47:01.542-0800: 2.086: [Full GC (Ergonomics) [PSYoungGen: 75811K->70688K(89600K)] [ParOldGen: 101499K->101501K(102400K)] 177311K->172190K(192000K), [Metaspace: 4878K->4878K(1056768K)], 0.0167055 secs] [Times: user=0.12 sys=0.00, real=0.01 secs] 
2021-03-01T22:47:01.560-0800: 2.104: [Full GC (Ergonomics) [PSYoungGen: 76800K->68639K(89600K)] [ParOldGen: 101501K->101499K(102400K)] 178301K->170139K(192000K), [Metaspace: 4878K->4878K(1056768K)], 0.0216761 secs] [Times: user=0.16 sys=0.00, real=0.02 secs] 
2021-03-01T22:47:01.583-0800: 2.127: [Full GC (Ergonomics) [PSYoungGen: 76068K->65565K(89600K)] [ParOldGen: 101499K->101500K(102400K)] 177568K->167065K(192000K), [Metaspace: 4878K->4878K(1056768K)], 0.0223007 secs] [Times: user=0.17 sys=0.01, real=0.02 secs] 
2021-03-01T22:47:01.607-0800: 2.151: [Full GC (Ergonomics) [PSYoungGen: 76800K->64541K(89600K)] [ParOldGen: 101500K->101499K(102400K)] 178300K->166041K(192000K), [Metaspace: 4878K->4878K(1056768K)], 0.0226751 secs] [Times: user=0.16 sys=0.00, real=0.03 secs] 
2021-03-01T22:47:01.632-0800: 2.176: [Full GC (Ergonomics) [PSYoungGen: 75812K->70688K(89600K)] [ParOldGen: 101499K->101499K(102400K)] 177312K->172188K(192000K), [Metaspace: 4878K->4878K(1056768K)], 0.0461020 secs] [Times: user=0.37 sys=0.00, real=0.04 secs] 
2021-03-01T22:47:01.679-0800: 2.223: [Full GC (Ergonomics) [PSYoungGen: 76608K->65566K(89600K)] [ParOldGen: 101499K->101500K(102400K)] 178108K->167067K(192000K), [Metaspace: 4878K->4878K(1056768K)], 0.0268538 secs] [Times: user=0.20 sys=0.00, real=0.03 secs] 
2021-03-01T22:47:01.708-0800: 2.252: [Full GC (Ergonomics) [PSYoungGen: 76076K->72736K(89600K)] [ParOldGen: 101500K->101499K(102400K)] 177577K->174236K(192000K), [Metaspace: 4878K->4878K(1056768K)], 0.0337575 secs] [Times: user=0.26 sys=0.01, real=0.04 secs] 
2021-03-01T22:47:01.743-0800: 2.287: [Full GC (Ergonomics) [PSYoungGen: 76252K->67615K(89600K)] [ParOldGen: 101499K->101500K(102400K)] 177752K->169116K(192000K), [Metaspace: 4878K->4878K(1056768K)], 0.0256186 secs] [Times: user=0.18 sys=0.00, real=0.02 secs] 
2021-03-01T22:47:01.770-0800: 2.314: [Full GC (Ergonomics) [PSYoungGen: 76797K->66589K(89600K)] [ParOldGen: 101500K->101500K(102400K)] 178298K->168089K(192000K), [Metaspace: 4878K->4878K(1056768K)], 0.0303104 secs] [Times: user=0.21 sys=0.01, real=0.03 secs] 
2021-03-01T22:47:01.803-0800: 2.347: [Full GC (Ergonomics) [PSYoungGen: 76800K->64541K(89600K)] [ParOldGen: 101500K->101499K(102400K)] 178300K->166041K(192000K), [Metaspace: 4878K->4878K(1056768K)], 0.0287751 secs] [Times: user=0.21 sys=0.01, real=0.03 secs] 
2021-03-01T22:47:01.834-0800: 2.378: [Full GC (Ergonomics) [PSYoungGen: 75864K->60443K(89600K)] [ParOldGen: 101499K->101500K(102400K)] 177363K->161943K(192000K), [Metaspace: 4878K->4878K(1056768K)], 0.0240058 secs] [Times: user=0.18 sys=0.01, real=0.02 secs] 
2021-03-01T22:47:01.861-0800: 2.405: [Full GC (Ergonomics) [PSYoungGen: 76757K->57370K(89600K)] [ParOldGen: 101500K->101499K(102400K)] 178257K->158870K(192000K), [Metaspace: 4880K->4880K(1056768K)], 0.0284312 secs] [Times: user=0.20 sys=0.01, real=0.03 secs] 
2021-03-01T22:47:01.893-0800: 2.437: [Full GC (Ergonomics) [PSYoungGen: 76134K->63517K(89600K)] [ParOldGen: 101499K->101499K(102400K)] 177634K->165017K(192000K), [Metaspace: 4883K->4883K(1056768K)], 0.0269744 secs] [Times: user=0.20 sys=0.00, real=0.03 secs] 
2021-03-01T22:47:01.923-0800: 2.466: [Full GC (Ergonomics) [PSYoungGen: 76094K->60443K(89600K)] [ParOldGen: 101499K->101500K(102400K)] 177594K->161944K(192000K), [Metaspace: 4885K->4885K(1056768K)], 0.0259472 secs] [Times: user=0.19 sys=0.00, real=0.02 secs] 
2021-03-01T22:47:01.952-0800: 2.496: [Full GC (Ergonomics) [PSYoungGen: 76325K->63518K(89600K)] [ParOldGen: 101500K->101500K(102400K)] 177826K->165018K(192000K), [Metaspace: 4885K->4885K(1056768K)], 0.0302463 secs] [Times: user=0.22 sys=0.00, real=0.03 secs] 
2021-03-01T22:47:01.985-0800: 2.529: [Full GC (Ergonomics) [PSYoungGen: 76800K->59419K(89600K)] [ParOldGen: 101500K->101500K(102400K)] 178300K->160919K(192000K), [Metaspace: 4886K->4886K(1056768K)], 0.0245484 secs] [Times: user=0.18 sys=0.00, real=0.03 secs] 
2021-03-01T22:47:02.013-0800: 2.557: [Full GC (Ergonomics) [PSYoungGen: 76732K->68639K(89600K)] [ParOldGen: 101500K->101499K(102400K)] 178232K->170139K(192000K), [Metaspace: 4886K->4886K(1056768K)], 0.0249619 secs] [Times: user=0.19 sys=0.00, real=0.02 secs] 
2021-03-01T22:47:02.040-0800: 2.584: [Full GC (Ergonomics) [PSYoungGen: 76594K->66591K(89600K)] [ParOldGen: 101499K->101499K(102400K)] 178094K->168091K(192000K), [Metaspace: 4886K->4886K(1056768K)], 0.0234464 secs] [Times: user=0.19 sys=0.01, real=0.02 secs] 
2021-03-01T22:47:02.066-0800: 2.609: [Full GC (Ergonomics) [PSYoungGen: 76778K->66590K(89600K)] [ParOldGen: 101499K->101500K(102400K)] 178277K->168090K(192000K), [Metaspace: 4886K->4886K(1056768K)], 0.0230034 secs] [Times: user=0.18 sys=0.00, real=0.02 secs] 
2021-03-01T22:47:02.091-0800: 2.635: [Full GC (Ergonomics) [PSYoungGen: 75850K->66591K(89600K)] [ParOldGen: 101500K->101500K(102400K)] 177351K->168091K(192000K), [Metaspace: 4886K->4886K(1056768K)], 0.0217281 secs] [Times: user=0.17 sys=0.00, real=0.02 secs] 
2021-03-01T22:47:02.114-0800: 2.658: [Full GC (Ergonomics) [PSYoungGen: 76800K->66590K(89600K)] [ParOldGen: 101500K->101500K(102400K)] 178300K->168090K(192000K), [Metaspace: 4886K->4886K(1056768K)], 0.0214394 secs] [Times: user=0.16 sys=0.01, real=0.02 secs] 
2021-03-01T22:47:02.137-0800: 2.681: [Full GC (Ergonomics) [PSYoungGen: 76112K->64541K(89600K)] [ParOldGen: 101500K->101499K(102400K)] 177612K->166041K(192000K), [Metaspace: 4886K->4886K(1056768K)], 0.0228996 secs] [Times: user=0.17 sys=0.00, real=0.03 secs] 
2021-03-01T22:47:02.162-0800: 2.706: [Full GC (Ergonomics) [PSYoungGen: 76517K->67613K(89600K)] [ParOldGen: 101499K->101501K(102400K)] 178017K->169115K(192000K), [Metaspace: 4886K->4886K(1056768K)], 0.0208651 secs] [Times: user=0.16 sys=0.00, real=0.02 secs] 
2021-03-01T22:47:02.185-0800: 2.729: [Full GC (Ergonomics) [PSYoungGen: 75831K->72736K(89600K)] [ParOldGen: 101501K->101500K(102400K)] 177333K->174237K(192000K), [Metaspace: 4886K->4886K(1056768K)], 0.0198410 secs] [Times: user=0.15 sys=0.00, real=0.02 secs] 
2021-03-01T22:47:02.205-0800: 2.749: [Full GC (Ergonomics) [PSYoungGen: 76173K->71713K(89600K)] [ParOldGen: 101500K->101500K(102400K)] 177674K->173213K(192000K), [Metaspace: 4886K->4886K(1056768K)], 0.0289094 secs] [Times: user=0.24 sys=0.01, real=0.03 secs] 
2021-03-01T22:47:02.236-0800: 2.780: [Full GC (Ergonomics) [PSYoungGen: 76518K->67616K(89600K)] [ParOldGen: 101500K->101499K(102400K)] 178018K->169115K(192000K), [Metaspace: 4887K->4887K(1056768K)], 0.0247006 secs] [Times: user=0.20 sys=0.01, real=0.03 secs] 
2021-03-01T22:47:02.262-0800: 2.806: [Full GC (Ergonomics) [PSYoungGen: 76069K->62493K(89600K)] [ParOldGen: 101499K->101499K(102400K)] 177568K->163993K(192000K), [Metaspace: 4891K->4891K(1056768K)], 0.0238112 secs] [Times: user=0.18 sys=0.00, real=0.02 secs] 
2021-03-01T22:47:02.291-0800: 2.835: [Full GC (Ergonomics) [PSYoungGen: 75813K->65566K(89600K)] [ParOldGen: 101499K->101500K(102400K)] 177312K->167067K(192000K), [Metaspace: 4892K->4892K(1056768K)], 0.0233665 secs] [Times: user=0.18 sys=0.00, real=0.02 secs] 
2021-03-01T22:47:02.319-0800: 2.863: [Full GC (Ergonomics) [PSYoungGen: 76360K->60445K(89600K)] [ParOldGen: 101500K->101500K(102400K)] 177860K->161946K(192000K), [Metaspace: 4893K->4893K(1056768K)], 0.0223513 secs] [Times: user=0.18 sys=0.00, real=0.03 secs] 
2021-03-01T22:47:02.344-0800: 2.888: [Full GC (Ergonomics) [PSYoungGen: 76729K->53280K(89600K)] [ParOldGen: 101500K->101500K(102400K)] 178230K->154780K(192000K), [Metaspace: 4893K->4893K(1056768K)], 0.0227293 secs] [Times: user=0.17 sys=0.00, real=0.02 secs] 
2021-03-01T22:47:02.370-0800: 2.914: [Full GC (Ergonomics) [PSYoungGen: 75842K->46117K(89600K)] [ParOldGen: 101500K->101499K(102400K)] 177342K->147617K(192000K), [Metaspace: 4893K->4893K(1056768K)], 0.0212223 secs] [Times: user=0.16 sys=0.00, real=0.02 secs] 
2021-03-01T22:47:02.396-0800: 2.940: [Full GC (Ergonomics) [PSYoungGen: 75941K->39981K(89600K)] [ParOldGen: 101499K->101500K(102400K)] 177440K->141481K(192000K), [Metaspace: 4893K->4893K(1056768K)], 0.0208432 secs] [Times: user=0.16 sys=0.00, real=0.02 secs] 
2021-03-01T22:47:02.422-0800: 2.966: [Full GC (Ergonomics) [PSYoungGen: 76640K->32824K(89600K)] [ParOldGen: 101500K->101499K(102400K)] 178140K->134324K(192000K), [Metaspace: 4893K->4893K(1056768K)], 0.0191143 secs] [Times: user=0.15 sys=0.00, real=0.02 secs] 
2021-03-01T22:47:02.448-0800: 2.991: [Full GC (Ergonomics) [PSYoungGen: 76431K->26696K(89600K)] [ParOldGen: 101499K->101499K(102400K)] 177930K->128195K(192000K), [Metaspace: 4894K->4894K(1056768K)], 0.0202632 secs] [Times: user=0.14 sys=0.01, real=0.02 secs] 
2021-03-01T22:47:02.475-0800: 3.019: [Full GC (Ergonomics) [PSYoungGen: 76112K->16469K(89600K)] [ParOldGen: 101499K->101498K(102400K)] 177611K->117968K(192000K), [Metaspace: 4894K->4894K(1056768K)], 0.0198576 secs] [Times: user=0.13 sys=0.00, real=0.02 secs] 
2021-03-01T22:47:02.503-0800: 3.047: [Full GC (Ergonomics) [PSYoungGen: 76198K->13419K(89600K)] [ParOldGen: 101498K->101498K(102400K)] 177697K->114918K(192000K), [Metaspace: 4894K->4894K(1056768K)], 0.0169947 secs] [Times: user=0.12 sys=0.01, real=0.02 secs] 
2021-03-01T22:47:02.526-0800: 3.070: [Full GC (Ergonomics) [PSYoungGen: 75913K->3198K(89600K)] [ParOldGen: 101498K->101500K(102400K)] 177412K->104698K(192000K), [Metaspace: 4894K->4894K(1056768K)], 0.0160249 secs] [Times: user=0.11 sys=0.01, real=0.02 secs] 
2021-03-01T22:47:02.551-0800: 3.095: [Full GC (Ergonomics) [PSYoungGen: 76037K->0K(89600K)] [ParOldGen: 101500K->96531K(102400K)] 177537K->96531K(192000K), [Metaspace: 4894K->4894K(1056768K)], 0.0146933 secs] [Times: user=0.11 sys=0.00, real=0.01 secs] 
2021-03-01T22:47:02.575-0800: 3.119: [Full GC (Ergonomics) [PSYoungGen: 76747K->0K(89600K)] [ParOldGen: 96531K->89389K(102400K)] 173279K->89389K(192000K), [Metaspace: 4894K->4894K(1056768K)], 0.0146903 secs] [Times: user=0.10 sys=0.00, real=0.02 secs] 
2021-03-01T22:47:02.598-0800: 3.142: [Full GC (Ergonomics) [PSYoungGen: 76569K->0K(89600K)] [ParOldGen: 89389K->85322K(102400K)] 165959K->85322K(192000K), [Metaspace: 4894K->4894K(1056768K)], 0.0131639 secs] [Times: user=0.08 sys=0.01, real=0.02 secs] 
2021-03-01T22:47:02.620-0800: 3.164: [Full GC (Ergonomics) [PSYoungGen: 76457K->0K(89600K)] [ParOldGen: 85322K->80224K(102400K)] 161780K->80224K(192000K), [Metaspace: 4894K->4894K(1056768K)], 0.0133395 secs] [Times: user=0.09 sys=0.01, real=0.01 secs] 
2021-03-01T22:47:02.642-0800: 3.186: [Full GC (Ergonomics) [PSYoungGen: 76411K->0K(89600K)] [ParOldGen: 80224K->77178K(102400K)] 156635K->77178K(192000K), [Metaspace: 4894K->4894K(1056768K)], 0.0130944 secs] [Times: user=0.08 sys=0.01, real=0.01 secs] 
2021-03-01T22:47:02.664-0800: 3.208: [Full GC (Ergonomics) [PSYoungGen: 76387K->0K(89600K)] [ParOldGen: 77178K->72083K(102400K)] 153566K->72083K(192000K), [Metaspace: 4894K->4894K(1056768K)], 0.0129093 secs] [Times: user=0.08 sys=0.01, real=0.01 secs] 
2021-03-01T22:47:02.687-0800: 3.231: [Full GC (Ergonomics) [PSYoungGen: 76420K->0K(89600K)] [ParOldGen: 72083K->68008K(102400K)] 148504K->68008K(192000K), [Metaspace: 4894K->4894K(1056768K)], 0.0121487 secs] [Times: user=0.07 sys=0.00, real=0.01 secs] 
2021-03-01T22:47:02.710-0800: 3.254: [Full GC (Ergonomics) [PSYoungGen: 76331K->0K(89600K)] [ParOldGen: 68008K->62906K(102400K)] 144339K->62906K(192000K), [Metaspace: 4894K->4894K(1056768K)], 0.0193885 secs] [Times: user=0.12 sys=0.02, real=0.01 secs] 
2021-03-01T22:47:02.743-0800: 3.287: [Full GC (Ergonomics) [PSYoungGen: 76344K->0K(89600K)] [ParOldGen: 62906K->58827K(102400K)] 139250K->58827K(192000K), [Metaspace: 4894K->4894K(1056768K)], 0.0111978 secs] [Times: user=0.05 sys=0.00, real=0.01 secs] 
2021-03-01T22:47:02.766-0800: 3.309: [Full GC (Ergonomics) [PSYoungGen: 76343K->0K(89600K)] [ParOldGen: 58827K->55778K(102400K)] 135171K->55778K(192000K), [Metaspace: 4894K->4894K(1056768K)], 0.0113021 secs] [Times: user=0.05 sys=0.01, real=0.01 secs] 
2021-03-01T22:47:02.788-0800: 3.332: [Full GC (Ergonomics) [PSYoungGen: 76313K->0K(89600K)] [ParOldGen: 55778K->52728K(102400K)] 132092K->52728K(192000K), [Metaspace: 4894K->4894K(1056768K)], 0.0102860 secs] [Times: user=0.04 sys=0.01, real=0.01 secs] 
2021-03-01T22:47:02.810-0800: 3.354: [Full GC (Ergonomics) [PSYoungGen: 76290K->0K(89600K)] [ParOldGen: 52728K->48654K(102400K)] 129018K->48654K(192000K), [Metaspace: 4894K->4894K(1056768K)], 0.0120909 secs] [Times: user=0.06 sys=0.01, real=0.01 secs] 
2021-03-01T22:47:02.834-0800: 3.378: [Full GC (Ergonomics) [PSYoungGen: 76310K->0K(89600K)] [ParOldGen: 48654K->45604K(102400K)] 124965K->45604K(192000K), [Metaspace: 4894K->4894K(1056768K)], 0.0118215 secs] [Times: user=0.06 sys=0.01, real=0.01 secs] 
2021-03-01T22:47:02.860-0800: 3.404: [Full GC (Ergonomics) [PSYoungGen: 76302K->0K(89600K)] [ParOldGen: 45604K->40496K(102400K)] 121907K->40496K(192000K), [Metaspace: 4894K->4894K(1056768K)], 0.0112476 secs] [Times: user=0.05 sys=0.01, real=0.01 secs] 
2021-03-01T22:47:02.886-0800: 3.430: [GC (Allocation Failure) [PSYoungGen: 76302K->160K(89600K)] 116799K->40656K(192000K), 0.0017926 secs] [Times: user=0.01 sys=0.01, real=0.00 secs] 
2021-03-01T22:47:02.900-0800: 3.444: [GC (Allocation Failure) [PSYoungGen: 76462K->288K(89600K)] 116959K->40784K(192000K), 0.0015677 secs] [Times: user=0.00 sys=0.00, real=0.00 secs] 
2021-03-01T22:47:02.914-0800: 3.458: [GC (Allocation Failure) [PSYoungGen: 76590K->288K(77312K)] 117087K->40784K(179712K), 0.0018814 secs] [Times: user=0.00 sys=0.00, real=0.00 secs] 
2021-03-01T22:47:03.015-0800: 3.559: [GC (Allocation Failure) [PSYoungGen: 76590K->288K(73216K)] 117087K->40784K(175616K), 0.0015507 secs] [Times: user=0.00 sys=0.01, real=0.00 secs] 
2021-03-01T22:47:03.025-0800: 3.569: [GC (Allocation Failure) [PSYoungGen: 48039K->320K(75264K)] 88536K->40816K(177664K), 0.0014800 secs] [Times: user=0.01 sys=0.00, real=0.00 secs] 
2021-03-01T22:47:03.113-0800: 3.657: [GC (Allocation Failure) [PSYoungGen: 48129K->288K(78336K)] 88625K->40784K(180736K), 0.0014247 secs] [Times: user=0.00 sys=0.00, real=0.00 secs] 
2021-03-01T22:47:03.123-0800: 3.667: [GC (Allocation Failure) [PSYoungGen: 52418K->320K(76800K)] 92915K->40816K(179200K), 0.0015126 secs] [Times: user=0.00 sys=0.01, real=0.00 secs] 
2021-03-01T22:47:03.209-0800: 3.753: [GC (Allocation Failure) [PSYoungGen: 52518K->384K(80384K)] 93015K->40880K(182784K), 0.0017900 secs] [Times: user=0.01 sys=0.01, real=0.01 secs] 
2021-03-01T22:47:03.222-0800: 3.766: [GC (Allocation Failure) [PSYoungGen: 56857K->320K(79360K)] 97354K->40816K(181760K), 0.0017473 secs] [Times: user=0.00 sys=0.01, real=0.00 secs] 
2021-03-01T22:47:03.315-0800: 3.859: [GC (Allocation Failure) [PSYoungGen: 56808K->416K(82944K)] 97305K->40912K(185344K), 0.0013731 secs] [Times: user=0.01 sys=0.01, real=0.00 secs] 
2021-03-01T22:47:03.324-0800: 3.868: [GC (Allocation Failure) [PSYoungGen: 62196K->416K(81408K)] 102692K->40912K(183808K), 0.0013067 secs] [Times: user=0.00 sys=0.00, real=0.00 secs] 
2021-03-01T22:47:03.416-0800: 3.960: [GC (Allocation Failure) [PSYoungGen: 62185K->384K(84992K)] 102682K->40880K(187392K), 0.0013498 secs] [Times: user=0.01 sys=0.00, real=0.00 secs] 
2021-03-01T22:47:03.508-0800: 4.052: [GC (Allocation Failure) [PSYoungGen: 66357K->448K(83968K)] 106853K->40944K(186368K), 0.0014996 secs] [Times: user=0.01 sys=0.00, real=0.01 secs] 
2021-03-01T22:47:03.518-0800: 4.062: [GC (Allocation Failure) [PSYoungGen: 66407K->448K(87040K)] 106903K->40944K(189440K), 0.0011050 secs] [Times: user=0.00 sys=0.00, real=0.00 secs] 
2021-03-01T22:47:03.615-0800: 4.159: [GC (Allocation Failure) [PSYoungGen: 70658K->384K(86016K)] 111155K->40880K(188416K), 0.0011186 secs] [Times: user=0.00 sys=0.01, real=0.00 secs] 
2021-03-01T22:47:03.707-0800: 4.251: [GC (Allocation Failure) [PSYoungGen: 70513K->416K(89088K)] 111009K->40952K(191488K), 0.0015135 secs] [Times: user=0.01 sys=0.00, real=0.00 secs] 
2021-03-01T22:47:03.717-0800: 4.261: [GC (Allocation Failure) [PSYoungGen: 74831K->416K(88064K)] 115368K->41008K(190464K), 0.0011182 secs] [Times: user=0.00 sys=0.00, real=0.00 secs] 
2021-03-01T22:47:03.817-0800: 4.361: [GC (Allocation Failure) [PSYoungGen: 74748K->480K(90624K)] 115341K->41120K(193024K), 0.0014615 secs] [Times: user=0.00 sys=0.00, real=0.00 secs] 
2021-03-01T22:47:03.914-0800: 4.458: [GC (Allocation Failure) [PSYoungGen: 77982K->416K(89600K)] 118623K->41080K(192000K), 0.0015911 secs] [Times: user=0.00 sys=0.01, real=0.00 secs] 
2021-03-01T22:47:04.008-0800: 4.552: [GC (Allocation Failure) [PSYoungGen: 77894K->3488K(91648K)] 118559K->44168K(194048K), 0.0019259 secs] [Times: user=0.01 sys=0.01, real=0.01 secs] 
2021-03-01T22:47:04.022-0800: 4.566: [GC (Allocation Failure) [PSYoungGen: 83206K->1504K(91136K)] 123886K->42208K(193536K), 0.0018162 secs] [Times: user=0.01 sys=0.01, real=0.00 secs] 
2021-03-01T22:47:04.112-0800: 4.656: [GC (Allocation Failure) [PSYoungGen: 81048K->1536K(93184K)] 121753K->42240K(195584K), 0.0014514 secs] [Times: user=0.00 sys=0.01, real=0.00 secs] 
2021-03-01T22:47:04.212-0800: 4.756: [GC (Allocation Failure) [PSYoungGen: 84237K->2496K(92160K)] 124942K->43200K(194560K), 0.0023086 secs] [Times: user=0.01 sys=0.00, real=0.00 secs] 
2021-03-01T22:47:04.316-0800: 4.860: [GC (Allocation Failure) [PSYoungGen: 85217K->1344K(94208K)] 125922K->42048K(196608K), 0.0027491 secs] [Times: user=0.01 sys=0.00, real=0.00 secs] 
2021-03-01T22:47:04.355-0800: 4.899: [GC (Allocation Failure) [PSYoungGen: 86148K->2432K(93696K)] 126852K->43136K(196096K), 0.0032740 secs] [Times: user=0.02 sys=0.00, real=0.00 secs] 
2021-03-01T22:47:04.426-0800: 4.970: [GC (Allocation Failure) [PSYoungGen: 87212K->512K(94720K)] 127916K->41216K(197120K), 0.0018622 secs] [Times: user=0.01 sys=0.00, real=0.00 secs] 
2021-03-01T22:47:04.512-0800: 5.056: [GC (Allocation Failure) [PSYoungGen: 87349K->416K(94720K)] 128053K->41120K(197120K), 0.0009491 secs] [Times: user=0.00 sys=0.01, real=0.00 secs] 
2021-03-01T22:47:04.610-0800: 5.154: [GC (Allocation Failure) [PSYoungGen: 87231K->2560K(95232K)] 127936K->43264K(197632K), 0.0008513 secs] [Times: user=0.00 sys=0.00, real=0.00 secs] 
2021-03-01T22:47:04.709-0800: 5.253: [GC (Allocation Failure) [PSYoungGen: 90483K->448K(95232K)] 131188K->41152K(197632K), 0.0007825 secs] [Times: user=0.01 sys=0.00, real=0.00 secs] 
2021-03-01T22:47:04.806-0800: 5.350: [GC (Allocation Failure) [PSYoungGen: 88331K->416K(96256K)] 129036K->41120K(198656K), 0.0011847 secs] [Times: user=0.00 sys=0.00, real=0.00 secs] 
2021-03-01T22:47:04.825-0800: 5.369: [GC (Allocation Failure) [PSYoungGen: 89341K->3520K(95744K)] 130046K->44224K(198144K), 0.0013882 secs] [Times: user=0.00 sys=0.00, real=0.00 secs] 
2021-03-01T22:47:04.923-0800: 5.467: [GC (Allocation Failure) [PSYoungGen: 92543K->384K(95744K)] 133247K->41088K(198144K), 0.0015161 secs] [Times: user=0.00 sys=0.01, real=0.00 secs] 
2021-03-01T22:47:05.024-0800: 5.567: [GC (Allocation Failure) [PSYoungGen: 89227K->448K(95744K)] 129931K->41152K(198144K), 0.0016955 secs] [Times: user=0.01 sys=0.00, real=0.00 secs] 
2021-03-01T22:47:05.112-0800: 5.656: [GC (Allocation Failure) [PSYoungGen: 89319K->480K(96768K)] 130024K->41184K(199168K), 0.0019727 secs] [Times: user=0.00 sys=0.01, real=0.00 secs] 
2021-03-01T22:47:05.218-0800: 5.762: [GC (Allocation Failure) [PSYoungGen: 90409K->1472K(96256K)] 131113K->42176K(198656K), 0.0023886 secs] [Times: user=0.01 sys=0.00, real=0.01 secs] 
2021-03-01T22:47:05.307-0800: 5.851: [GC (Allocation Failure) [PSYoungGen: 91453K->384K(97280K)] 132158K->41088K(199680K), 0.0011117 secs] [Times: user=0.00 sys=0.00, real=0.00 secs] 
2021-03-01T22:47:05.408-0800: 5.952: [GC (Allocation Failure) [PSYoungGen: 91411K->2496K(96768K)] 132116K->43200K(199168K), 0.0020881 secs] [Times: user=0.01 sys=0.00, real=0.01 secs] 
2021-03-01T22:47:05.419-0800: 5.963: [GC (Allocation Failure) [PSYoungGen: 93588K->480K(97280K)] 134292K->41184K(199680K), 0.0011104 secs] [Times: user=0.01 sys=0.00, real=0.01 secs] 
2021-03-01T22:47:05.513-0800: 6.057: [GC (Allocation Failure) [PSYoungGen: 92542K->1408K(97280K)] 133247K->42112K(199680K), 0.0009159 secs] [Times: user=0.01 sys=0.00, real=0.00 secs] 
2021-03-01T22:47:05.617-0800: 6.161: [GC (Allocation Failure) [PSYoungGen: 93469K->416K(97792K)] 134174K->41120K(200192K), 0.0010586 secs] [Times: user=0.01 sys=0.00, real=0.00 secs] 
2021-03-01T22:47:05.711-0800: 6.255: [GC (Allocation Failure) [PSYoungGen: 93522K->480K(97792K)] 134226K->41184K(200192K), 0.0010681 secs] [Times: user=0.00 sys=0.00, real=0.00 secs] 
2021-03-01T22:47:05.812-0800: 6.356: [GC (Allocation Failure) [PSYoungGen: 93586K->448K(98304K)] 134290K->41152K(200704K), 0.0010256 secs] [Times: user=0.00 sys=0.00, real=0.00 secs] 
2021-03-01T22:47:05.914-0800: 6.457: [GC (Allocation Failure) [PSYoungGen: 93565K->384K(97792K)] 134269K->41088K(200192K), 0.0012330 secs] [Times: user=0.00 sys=0.00, real=0.00 secs] 
2021-03-01T22:47:06.010-0800: 6.554: [GC (Allocation Failure) [PSYoungGen: 93522K->320K(98304K)] 134227K->41024K(200704K), 0.0009246 secs] [Times: user=0.01 sys=0.01, real=0.00 secs] 
2021-03-01T22:47:06.109-0800: 6.653: [GC (Allocation Failure) [PSYoungGen: 94518K->320K(98304K)] 135222K->41024K(200704K), 0.0013168 secs] [Times: user=0.00 sys=0.01, real=0.01 secs] 
2021-03-01T22:47:06.207-0800: 6.751: [GC (Allocation Failure) [PSYoungGen: 94518K->448K(98816K)] 135223K->41152K(201216K), 0.0016113 secs] [Times: user=0.00 sys=0.00, real=0.00 secs] 
2021-03-01T22:47:06.217-0800: 6.761: [GC (Allocation Failure) [PSYoungGen: 94667K->416K(98816K)] 135372K->41120K(201216K), 0.0010429 secs] [Times: user=0.00 sys=0.01, real=0.00 secs] 
2021-03-01T22:47:06.316-0800: 6.860: [GC (Allocation Failure) [PSYoungGen: 95637K->416K(99328K)] 136341K->41120K(201728K), 0.0011032 secs] [Times: user=0.00 sys=0.00, real=0.00 secs] 
2021-03-01T22:47:06.415-0800: 6.959: [GC (Allocation Failure) [PSYoungGen: 95624K->512K(98816K)] 136329K->41216K(201216K), 0.0011231 secs] [Times: user=0.00 sys=0.00, real=0.00 secs] 
2021-03-01T22:47:06.515-0800: 7.059: [GC (Allocation Failure) [PSYoungGen: 95698K->448K(99328K)] 136403K->41152K(201728K), 0.0011305 secs] [Times: user=0.00 sys=0.00, real=0.00 secs] 
2021-03-01T22:47:06.620-0800: 7.164: [GC (Allocation Failure) [PSYoungGen: 96669K->2464K(99328K)] 137373K->43184K(201728K), 0.0011848 secs] [Times: user=0.00 sys=0.00, real=0.00 secs] 
2021-03-01T22:47:06.715-0800: 7.259: [GC (Allocation Failure) [PSYoungGen: 98717K->416K(99328K)] 139438K->41136K(201728K), 0.0012245 secs] [Times: user=0.00 sys=0.00, real=0.00 secs] 
2021-03-01T22:47:06.812-0800: 7.356: [GC (Allocation Failure) [PSYoungGen: 96626K->416K(99328K)] 137347K->41136K(201728K), 0.0011270 secs] [Times: user=0.01 sys=0.00, real=0.00 secs] 
2021-03-01T22:47:06.911-0800: 7.455: [GC (Allocation Failure) [PSYoungGen: 96647K->384K(99328K)] 137368K->41104K(201728K), 0.0011598 secs] [Times: user=0.00 sys=0.00, real=0.00 secs] 
2021-03-01T22:47:07.010-0800: 7.554: [GC (Allocation Failure) [PSYoungGen: 96637K->416K(99328K)] 137358K->41136K(201728K), 0.0011743 secs] [Times: user=0.00 sys=0.00, real=0.00 secs] 
2021-03-01T22:47:07.110-0800: 7.653: [GC (Allocation Failure) [PSYoungGen: 95713K->448K(99840K)] 136434K->41168K(202240K), 0.0012091 secs] [Times: user=0.00 sys=0.00, real=0.00 secs] 
2021-03-01T22:47:07.208-0800: 7.752: [GC (Allocation Failure) [PSYoungGen: 96794K->352K(99840K)] 137514K->41072K(202240K), 0.0014545 secs] [Times: user=0.00 sys=0.00, real=0.01 secs] 
2021-03-01T22:47:07.309-0800: 7.853: [GC (Allocation Failure) [PSYoungGen: 96697K->352K(99840K)] 137418K->41072K(202240K), 0.0017239 secs] [Times: user=0.00 sys=0.00, real=0.01 secs] 
2021-03-01T22:47:07.320-0800: 7.864: [GC (Allocation Failure) [PSYoungGen: 96718K->384K(99840K)] 137439K->41104K(202240K), 0.0010571 secs] [Times: user=0.01 sys=0.01, real=0.00 secs] 
2021-03-01T22:47:07.417-0800: 7.961: [GC (Allocation Failure) [PSYoungGen: 96707K->384K(100352K)] 137427K->41104K(202752K), 0.0010121 secs] [Times: user=0.00 sys=0.00, real=0.00 secs] 
2021-03-01T22:47:07.517-0800: 8.061: [GC (Allocation Failure) [PSYoungGen: 97728K->384K(100352K)] 138448K->41104K(202752K), 0.0009919 secs] [Times: user=0.00 sys=0.00, real=0.00 secs] 
2021-03-01T22:47:07.617-0800: 8.161: [GC (Allocation Failure) [PSYoungGen: 97704K->448K(100352K)] 138425K->41176K(202752K), 0.0009865 secs] [Times: user=0.00 sys=0.00, real=0.00 secs] 
2021-03-01T22:47:07.713-0800: 8.257: [GC (Allocation Failure) [PSYoungGen: 97746K->384K(100352K)] 138475K->41128K(202752K), 0.0010644 secs] [Times: user=0.00 sys=0.00, real=0.00 secs] 
2021-03-01T22:47:07.811-0800: 8.355: [GC (Allocation Failure) [PSYoungGen: 97681K->512K(100864K)] 138426K->41256K(203264K), 0.0010038 secs] [Times: user=0.01 sys=0.00, real=0.00 secs] 
2021-03-01T22:47:07.913-0800: 8.457: [GC (Allocation Failure) [PSYoungGen: 98865K->512K(100352K)] 139610K->41264K(202752K), 0.0010354 secs] [Times: user=0.00 sys=0.00, real=0.00 secs] 
2021-03-01T22:47:08.011-0800: 8.555: [GC (Allocation Failure) [PSYoungGen: 98870K->384K(100864K)] 139623K->41136K(203264K), 0.0010118 secs] [Times: user=0.01 sys=0.00, real=0.00 secs] 
2021-03-01T22:47:08.112-0800: 8.656: [GC (Allocation Failure) [PSYoungGen: 98746K->416K(100864K)] 139498K->41168K(203264K), 0.0011650 secs] [Times: user=0.00 sys=0.00, real=0.00 secs] 
2021-03-01T22:47:08.213-0800: 8.757: [GC (Allocation Failure) [PSYoungGen: 98758K->448K(100864K)] 139511K->41200K(203264K), 0.0009774 secs] [Times: user=0.00 sys=0.00, real=0.00 secs] 
2021-03-01T22:47:08.308-0800: 8.852: [GC (Allocation Failure) [PSYoungGen: 98790K->416K(100864K)] 139542K->41168K(203264K), 0.0010390 secs] [Times: user=0.00 sys=0.00, real=0.00 secs] 
2021-03-01T22:47:08.408-0800: 8.952: [GC (Allocation Failure) [PSYoungGen: 98757K->448K(100864K)] 139510K->41200K(203264K), 0.0007719 secs] [Times: user=0.00 sys=0.01, real=0.00 secs] 
2021-03-01T22:47:08.505-0800: 9.049: [GC (Allocation Failure) [PSYoungGen: 98834K->1440K(100864K)] 139587K->43216K(203264K), 0.0008202 secs] [Times: user=0.00 sys=0.00, real=0.00 secs] 
2021-03-01T22:47:08.607-0800: 9.151: [GC (Allocation Failure) [PSYoungGen: 99896K->384K(100864K)] 141672K->42160K(203264K), 0.0012162 secs] [Times: user=0.00 sys=0.00, real=0.00 secs] 
2021-03-01T22:47:08.705-0800: 9.249: [GC (Allocation Failure) [PSYoungGen: 98795K->1472K(100864K)] 140571K->43248K(203264K), 0.0013202 secs] [Times: user=0.01 sys=0.00, real=0.00 secs] 
2021-03-01T22:47:08.804-0800: 9.348: [GC (Allocation Failure) [PSYoungGen: 99894K->384K(99840K)] 141671K->42160K(202240K), 0.0007337 secs] [Times: user=0.00 sys=0.00, real=0.00 secs] 
2021-03-01T22:47:08.813-0800: 9.357: [GC (Allocation Failure) [PSYoungGen: 97726K->1440K(100352K)] 139503K->44240K(202752K), 0.0010713 secs] [Times: user=0.01 sys=0.00, real=0.00 secs] 
2021-03-01T22:47:08.914-0800: 9.458: [GC (Allocation Failure) [PSYoungGen: 98761K->448K(100352K)] 141561K->43248K(202752K), 0.0011389 secs] [Times: user=0.01 sys=0.00, real=0.00 secs] 
2021-03-01T22:47:09.017-0800: 9.561: [GC (Allocation Failure) [PSYoungGen: 98752K->448K(100352K)] 141552K->43248K(202752K), 0.0012592 secs] [Times: user=0.00 sys=0.00, real=0.00 secs] 
2021-03-01T22:47:09.112-0800: 9.655: [GC (Allocation Failure) [PSYoungGen: 98752K->384K(100352K)] 141552K->43184K(202752K), 0.0009837 secs] [Times: user=0.00 sys=0.01, real=0.00 secs] 
2021-03-01T22:47:09.217-0800: 9.761: [GC (Allocation Failure) [PSYoungGen: 98685K->480K(100352K)] 141485K->43280K(202752K), 0.0011878 secs] [Times: user=0.01 sys=0.00, real=0.00 secs] 
2021-03-01T22:47:09.313-0800: 9.857: [GC (Allocation Failure) [PSYoungGen: 98784K->512K(100864K)] 141584K->43312K(203264K), 0.0011568 secs] [Times: user=0.00 sys=0.01, real=0.00 secs] 
2021-03-01T22:47:09.421-0800: 9.965: [GC (Allocation Failure) [PSYoungGen: 98876K->384K(100864K)] 141677K->43184K(203264K), 0.0010754 secs] [Times: user=0.00 sys=0.00, real=0.00 secs] 
2021-03-01T22:47:09.514-0800: 10.058: [GC (Allocation Failure) [PSYoungGen: 98726K->1472K(99840K)] 141527K->44272K(202240K), 0.0015320 secs] [Times: user=0.01 sys=0.00, real=0.00 secs] 
2021-03-01T22:47:09.610-0800: 10.154: [GC (Allocation Failure) [PSYoungGen: 98758K->448K(100352K)] 141559K->43248K(202752K), 0.0009587 secs] [Times: user=0.01 sys=0.01, real=0.00 secs] 
2021-03-01T22:47:09.707-0800: 10.251: [GC (Allocation Failure) [PSYoungGen: 97745K->1472K(100352K)] 140545K->44272K(202752K), 0.0009567 secs] [Times: user=0.01 sys=0.00, real=0.00 secs] 
2021-03-01T22:47:09.810-0800: 10.354: [GC (Allocation Failure) [PSYoungGen: 98802K->1472K(100352K)] 141603K->44272K(202752K), 0.0021914 secs] [Times: user=0.01 sys=0.01, real=0.00 secs] 
2021-03-01T22:47:09.908-0800: 10.452: [GC (Allocation Failure) [PSYoungGen: 98825K->384K(100352K)] 141625K->43184K(202752K), 0.0010365 secs] [Times: user=0.00 sys=0.00, real=0.00 secs] 
2021-03-01T22:47:10.006-0800: 10.549: [GC (Allocation Failure) [PSYoungGen: 97749K->416K(100352K)] 140550K->43216K(202752K), 0.0009755 secs] [Times: user=0.00 sys=0.00, real=0.00 secs] 
2021-03-01T22:47:10.108-0800: 10.652: [GC (Allocation Failure) [PSYoungGen: 97759K->1376K(100352K)] 140560K->44176K(202752K), 0.0012739 secs] [Times: user=0.00 sys=0.00, real=0.01 secs] 
2021-03-01T22:47:10.209-0800: 10.753: [GC (Allocation Failure) [PSYoungGen: 98730K->1472K(99840K)] 141530K->44272K(202240K), 0.0026121 secs] [Times: user=0.01 sys=0.00, real=0.01 secs] 
2021-03-01T22:47:10.230-0800: 10.774: [GC (Allocation Failure) [PSYoungGen: 98826K->448K(99840K)] 141626K->43248K(202240K), 0.0017146 secs] [Times: user=0.00 sys=0.00, real=0.00 secs] 
2021-03-01T22:47:10.315-0800: 10.858: [GC (Allocation Failure) [PSYoungGen: 97726K->1472K(99840K)] 140527K->44272K(202240K), 0.0012050 secs] [Times: user=0.01 sys=0.00, real=0.00 secs] 
2021-03-01T22:47:10.416-0800: 10.960: [GC (Allocation Failure) [PSYoungGen: 98738K->384K(99840K)] 141538K->43184K(202240K), 0.0012733 secs] [Times: user=0.00 sys=0.00, real=0.00 secs] 
2021-03-01T22:47:10.523-0800: 11.067: [GC (Allocation Failure) [PSYoungGen: 97638K->1472K(99840K)] 140439K->44272K(202240K), 0.0029186 secs] [Times: user=0.01 sys=0.00, real=0.00 secs] 
2021-03-01T22:47:10.620-0800: 11.164: [GC (Allocation Failure) [PSYoungGen: 98737K->416K(99840K)] 141538K->43216K(202240K), 0.0011840 secs] [Times: user=0.00 sys=0.00, real=0.00 secs] 
2021-03-01T22:47:10.725-0800: 11.269: [GC (Allocation Failure) [PSYoungGen: 97670K->480K(99840K)] 140471K->43280K(202240K), 0.0028989 secs] [Times: user=0.01 sys=0.00, real=0.00 secs] 
2021-03-01T22:47:10.819-0800: 11.363: [GC (Allocation Failure) [PSYoungGen: 97756K->2432K(98816K)] 140557K->45232K(201216K), 0.0034457 secs] [Times: user=0.01 sys=0.00, real=0.01 secs] 
2021-03-01T22:47:10.919-0800: 11.463: [GC (Allocation Failure) [PSYoungGen: 98663K->320K(99328K)] 141464K->43120K(201728K), 0.0034627 secs] [Times: user=0.02 sys=0.00, real=0.01 secs] 
2021-03-01T22:47:11.012-0800: 11.556: [GC (Allocation Failure) [PSYoungGen: 96508K->320K(99840K)] 139309K->43120K(202240K), 0.0020492 secs] [Times: user=0.01 sys=0.00, real=0.00 secs] 
2021-03-01T22:47:11.108-0800: 11.652: [GC (Allocation Failure) [PSYoungGen: 97596K->448K(99840K)] 140396K->43248K(202240K), 0.0028624 secs] [Times: user=0.01 sys=0.00, real=0.01 secs] 
2021-03-01T22:47:11.212-0800: 11.756: [GC (Allocation Failure) [PSYoungGen: 97728K->1440K(99840K)] 140528K->44240K(202240K), 0.0029762 secs] [Times: user=0.01 sys=0.00, real=0.00 secs] 
2021-03-01T22:47:11.308-0800: 11.852: [GC (Allocation Failure) [PSYoungGen: 97710K->416K(99840K)] 140511K->43216K(202240K), 0.0026506 secs] [Times: user=0.01 sys=0.01, real=0.01 secs] 
2021-03-01T22:47:11.408-0800: 11.952: [GC (Allocation Failure) [PSYoungGen: 96673K->448K(99840K)] 139474K->43248K(202240K), 0.0099237 secs] [Times: user=0.01 sys=0.00, real=0.01 secs] 
2021-03-01T22:47:11.507-0800: 12.051: [GC (Allocation Failure) [PSYoungGen: 96749K->224K(99840K)] 139549K->43024K(202240K), 0.0232662 secs] [Times: user=0.01 sys=0.00, real=0.03 secs] 
2021-03-01T22:47:11.544-0800: 12.088: [GC (Allocation Failure) [PSYoungGen: 96526K->352K(99840K)] 139326K->43152K(202240K), 0.0031384 secs] [Times: user=0.01 sys=0.01, real=0.00 secs] 
2021-03-01T22:47:11.629-0800: 12.173: [GC (Allocation Failure) [PSYoungGen: 96610K->384K(99840K)] 139411K->43184K(202240K), 0.0025493 secs] [Times: user=0.01 sys=0.00, real=0.01 secs] 
2021-03-01T22:47:11.732-0800: 12.276: [GC (Allocation Failure) [PSYoungGen: 96641K->1472K(99840K)] 139442K->44272K(202240K), 0.0013356 secs] [Times: user=0.00 sys=0.01, real=0.00 secs] 
2021-03-01T22:47:11.824-0800: 12.368: [GC (Allocation Failure) [PSYoungGen: 97740K->480K(99840K)] 140541K->43280K(202240K), 0.0023415 secs] [Times: user=0.01 sys=0.01, real=0.00 secs] 
2021-03-01T22:47:11.921-0800: 12.465: [GC (Allocation Failure) [PSYoungGen: 96739K->512K(100352K)] 139540K->43312K(202752K), 0.0013959 secs] [Times: user=0.00 sys=0.00, real=0.00 secs] 
2021-03-01T22:47:12.015-0800: 12.559: [GC (Allocation Failure) [PSYoungGen: 97827K->448K(99840K)] 140628K->43248K(202240K), 0.0014423 secs] [Times: user=0.00 sys=0.00, real=0.00 secs] 
2021-03-01T22:47:12.113-0800: 12.657: [GC (Allocation Failure) [PSYoungGen: 97720K->384K(100352K)] 140521K->43184K(202752K), 0.0011419 secs] [Times: user=0.01 sys=0.00, real=0.00 secs] 
2021-03-01T22:47:12.215-0800: 12.759: [GC (Allocation Failure) [PSYoungGen: 97707K->416K(100352K)] 140508K->43216K(202752K), 0.0011040 secs] [Times: user=0.00 sys=0.00, real=0.00 secs] 
2021-03-01T22:47:12.316-0800: 12.860: [GC (Allocation Failure) [PSYoungGen: 97720K->448K(100352K)] 140520K->43248K(202752K), 0.0033263 secs] [Times: user=0.01 sys=0.00, real=0.00 secs] 
2021-03-01T22:47:12.407-0800: 12.951: [GC (Allocation Failure) [PSYoungGen: 97751K->480K(100352K)] 140552K->43280K(202752K), 0.0013045 secs] [Times: user=0.01 sys=0.00, real=0.00 secs] 
2021-03-01T22:47:12.508-0800: 13.052: [GC (Allocation Failure) [PSYoungGen: 97781K->448K(100864K)] 140582K->43248K(203264K), 0.0013940 secs] [Times: user=0.00 sys=0.01, real=0.01 secs] 
2021-03-01T22:47:12.611-0800: 13.155: [GC (Allocation Failure) [PSYoungGen: 98875K->448K(100352K)] 141676K->43248K(202752K), 0.0011099 secs] [Times: user=0.01 sys=0.01, real=0.00 secs] 
2021-03-01T22:47:12.708-0800: 13.252: [GC (Allocation Failure) [PSYoungGen: 98901K->416K(100864K)] 141701K->43216K(203264K), 0.0018159 secs] [Times: user=0.01 sys=0.00, real=0.01 secs] 
2021-03-01T22:47:12.805-0800: 13.349: [GC (Allocation Failure) [PSYoungGen: 98904K->448K(100864K)] 141705K->43248K(203264K), 0.0024938 secs] [Times: user=0.01 sys=0.01, real=0.00 secs] 
2021-03-01T22:47:12.819-0800: 13.363: [GC (Allocation Failure) [PSYoungGen: 98962K->512K(100864K)] 141763K->43312K(203264K), 0.0011914 secs] [Times: user=0.01 sys=0.00, real=0.01 secs] 
2021-03-01T22:47:12.916-0800: 13.460: [GC (Allocation Failure) [PSYoungGen: 98931K->1504K(100864K)] 141731K->44304K(203264K), 0.0012550 secs] [Times: user=0.00 sys=0.00, real=0.00 secs] 
2021-03-01T22:47:13.015-0800: 13.559: [GC (Allocation Failure) [PSYoungGen: 99886K->448K(100864K)] 142687K->43248K(203264K), 0.0012746 secs] [Times: user=0.01 sys=0.00, real=0.00 secs] 
2021-03-01T22:47:13.114-0800: 13.658: [GC (Allocation Failure) [PSYoungGen: 98796K->448K(100864K)] 141597K->43248K(203264K), 0.0011250 secs] [Times: user=0.01 sys=0.00, real=0.00 secs] 
2021-03-01T22:47:13.216-0800: 13.760: [GC (Allocation Failure) [PSYoungGen: 98774K->1504K(99840K)] 141575K->45328K(202240K), 0.0022815 secs] [Times: user=0.01 sys=0.00, real=0.00 secs] 
2021-03-01T22:47:13.319-0800: 13.863: [GC (Allocation Failure) [PSYoungGen: 98786K->288K(100352K)] 142610K->44112K(202752K), 0.0014013 secs] [Times: user=0.00 sys=0.01, real=0.01 secs] 
2021-03-01T22:47:13.411-0800: 13.955: [GC (Allocation Failure) [PSYoungGen: 98573K->448K(100352K)] 142397K->44272K(202752K), 0.0012551 secs] [Times: user=0.00 sys=0.01, real=0.00 secs] 
2021-03-01T22:47:13.512-0800: 14.056: [GC (Allocation Failure) [PSYoungGen: 98751K->1472K(100352K)] 142576K->45296K(202752K), 0.0011080 secs] [Times: user=0.00 sys=0.00, real=0.00 secs] 
2021-03-01T22:47:13.612-0800: 14.155: [GC (Allocation Failure) [PSYoungGen: 99776K->480K(100352K)] 143600K->44304K(202752K), 0.0012833 secs] [Times: user=0.00 sys=0.01, real=0.00 secs] 
2021-03-01T22:47:13.708-0800: 14.252: [GC (Allocation Failure) [PSYoungGen: 97780K->1440K(100352K)] 141604K->45264K(202752K), 0.0010310 secs] [Times: user=0.01 sys=0.01, real=0.00 secs] 
2021-03-01T22:47:13.814-0800: 14.357: [GC (Allocation Failure) [PSYoungGen: 98754K->448K(100352K)] 142579K->44272K(202752K), 0.0011740 secs] [Times: user=0.01 sys=0.01, real=0.00 secs] 
2021-03-01T22:47:13.906-0800: 14.450: [GC (Allocation Failure) [PSYoungGen: 97751K->512K(100352K)] 141576K->44336K(202752K), 0.0009817 secs] [Times: user=0.01 sys=0.00, real=0.00 secs] 
2021-03-01T22:47:14.010-0800: 14.554: [GC (Allocation Failure) [PSYoungGen: 97813K->1472K(100352K)] 141638K->45296K(202752K), 0.0011577 secs] [Times: user=0.01 sys=0.00, real=0.00 secs] 
2021-03-01T22:47:14.104-0800: 14.648: [GC (Allocation Failure) [PSYoungGen: 98830K->352K(100352K)] 142655K->44176K(202752K), 0.0015775 secs] [Times: user=0.01 sys=0.00, real=0.00 secs] 
2021-03-01T22:47:14.206-0800: 14.750: [GC (Allocation Failure) [PSYoungGen: 97698K->448K(100352K)] 141523K->44272K(202752K), 0.0008901 secs] [Times: user=0.00 sys=0.00, real=0.00 secs] 
2021-03-01T22:47:14.216-0800: 14.760: [GC (Allocation Failure) [PSYoungGen: 97819K->320K(100352K)] 141644K->44144K(202752K), 0.0016325 secs] [Times: user=0.01 sys=0.00, real=0.00 secs] 
2021-03-01T22:47:14.317-0800: 14.861: [GC (Allocation Failure) [PSYoungGen: 97645K->416K(100352K)] 141470K->44240K(202752K), 0.0015283 secs] [Times: user=0.01 sys=0.00, real=0.00 secs] 
2021-03-01T22:47:14.419-0800: 14.963: [GC (Allocation Failure) [PSYoungGen: 97720K->416K(100352K)] 141544K->44240K(202752K), 0.0029203 secs] [Times: user=0.01 sys=0.00, real=0.01 secs] 
2021-03-01T22:47:14.517-0800: 15.061: [GC (Allocation Failure) [PSYoungGen: 97719K->480K(100352K)] 141544K->44304K(202752K), 0.0009659 secs] [Times: user=0.01 sys=0.00, real=0.00 secs] 
2021-03-01T22:47:14.620-0800: 15.164: [GC (Allocation Failure) [PSYoungGen: 98032K->448K(100352K)] 141857K->44280K(202752K), 0.0020750 secs] [Times: user=0.01 sys=0.00, real=0.00 secs] 
2021-03-01T22:47:14.724-0800: 15.268: [GC (Allocation Failure) [PSYoungGen: 97728K->416K(100864K)] 141560K->44248K(203264K), 0.0028023 secs] [Times: user=0.02 sys=0.01, real=0.00 secs] 
2021-03-01T22:47:14.813-0800: 15.357: [GC (Allocation Failure) [PSYoungGen: 98765K->448K(100864K)] 142598K->44280K(203264K), 0.0010571 secs] [Times: user=0.00 sys=0.00, real=0.00 secs] 
2021-03-01T22:47:14.909-0800: 15.453: [GC (Allocation Failure) [PSYoungGen: 98796K->416K(100864K)] 142628K->44248K(203264K), 0.0012783 secs] [Times: user=0.00 sys=0.00, real=0.01 secs] 
2021-03-01T22:47:15.015-0800: 15.559: [GC (Allocation Failure) [PSYoungGen: 98763K->512K(100864K)] 142596K->44344K(203264K), 0.0026479 secs] [Times: user=0.00 sys=0.00, real=0.00 secs] 
2021-03-01T22:47:15.114-0800: 15.658: [GC (Allocation Failure) [PSYoungGen: 98882K->448K(100864K)] 142714K->44280K(203264K), 0.0014253 secs] [Times: user=0.00 sys=0.01, real=0.00 secs] 
2021-03-01T22:47:15.213-0800: 15.757: [GC (Allocation Failure) [PSYoungGen: 98818K->1504K(100864K)] 142651K->47392K(203264K), 0.0016987 secs] [Times: user=0.01 sys=0.00, real=0.00 secs] 
2021-03-01T22:47:15.313-0800: 15.856: [GC (Allocation Failure) [PSYoungGen: 99954K->1504K(98816K)] 145843K->47392K(201216K), 0.0019904 secs] [Times: user=0.01 sys=0.00, real=0.00 secs] 
2021-03-01T22:47:15.408-0800: 15.952: [GC (Allocation Failure) [PSYoungGen: 97773K->512K(99840K)] 143662K->46400K(202240K), 0.0018208 secs] [Times: user=0.01 sys=0.00, real=0.01 secs] 
2021-03-01T22:47:15.508-0800: 16.052: [GC (Allocation Failure) [PSYoungGen: 96769K->416K(99840K)] 142658K->46304K(202240K), 0.0013206 secs] [Times: user=0.00 sys=0.00, real=0.01 secs] 
2021-03-01T22:47:15.606-0800: 16.150: [GC (Allocation Failure) [PSYoungGen: 96742K->1472K(99840K)] 142631K->47360K(202240K), 0.0013501 secs] [Times: user=0.00 sys=0.00, real=0.00 secs] 
2021-03-01T22:47:15.619-0800: 16.163: [GC (Allocation Failure) [PSYoungGen: 97832K->448K(99840K)] 143720K->46336K(202240K), 0.0017590 secs] [Times: user=0.01 sys=0.00, real=0.01 secs] 
2021-03-01T22:47:15.714-0800: 16.258: [GC (Allocation Failure) [PSYoungGen: 96751K->448K(99840K)] 142639K->46352K(202240K), 0.0016940 secs] [Times: user=0.01 sys=0.01, real=0.00 secs] 
2021-03-01T22:47:15.823-0800: 16.367: [GC (Allocation Failure) [PSYoungGen: 96706K->1504K(99840K)] 142611K->47408K(202240K), 0.0013843 secs] [Times: user=0.01 sys=0.00, real=0.00 secs] 
Heap
 PSYoungGen      total 99840K, used 26570K [0x00000007b9c00000, 0x00000007c0000000, 0x00000007c0000000)
  eden space 97280K, 25% used [0x00000007b9c00000,0x00000007bb47ab20,0x00000007bfb00000)
  from space 2560K, 58% used [0x00000007bfd80000,0x00000007bfef8010,0x00000007c0000000)
  to   space 2560K, 0% used [0x00000007bfb00000,0x00000007bfb00000,0x00000007bfd80000)
 ParOldGen       total 102400K, used 45904K [0x00000007b3800000, 0x00000007b9c00000, 0x00000007b9c00000)
  object space 102400K, 44% used [0x00000007b3800000,0x00000007b64d42c0,0x00000007b9c00000)
 Metaspace       used 4912K, capacity 5064K, committed 5248K, reserved 1056768K
  class space    used 541K, capacity 598K, committed 640K, reserved 1048576K
